Olá Eu sou o Testinho, me diga sua idade
Agora me diga, Você já é adulto?
(1) para sim
(2) para não
Você está certo, você é adulto e tem 18 anos
