Olá Eu sou o Testinho, me diga sua idade
Agora me diga, Você já é adulto?
(1) para sim
(2) para não
Não minta, você tem 18 anos, maiores 18 já são adultos
