Olá Eu sou o Testinho, me diga sua idade
Agora me diga, Você já é adulto?
(1) para sim
(2) para não
Não minta, você é menor de idade ainda, você tem apenas 16 anos
