Olá Eu sou o Testinho, me diga sua idade
Agora me diga, Você já é adulto?
(1) para sim
(2) para não
Isso ai, você tem 1, você é menor de idade, epoca de sonhar
